IS Object: 4 MPI processes
  type: general
[0] Number of indices in set 0
[1] Number of indices in set 8
[1] 0 105
[1] 1 107
[1] 2 109
[1] 3 111
[1] 4 113
[1] 5 115
[1] 6 117
[1] 7 119
[2] Number of indices in set 0
[3] Number of indices in set 8
[3] 0 305
[3] 1 307
[3] 2 309
[3] 3 311
[3] 4 313
[3] 5 315
[3] 6 317
[3] 7 319
