IS Object: 4 MPI processes
  type: general
[0] Number of indices in set 8
[0] 0 5
[0] 1 7
[0] 2 9
[0] 3 11
[0] 4 13
[0] 5 15
[0] 6 17
[0] 7 19
[1] Number of indices in set 8
[1] 0 105
[1] 1 107
[1] 2 109
[1] 3 111
[1] 4 113
[1] 5 115
[1] 6 117
[1] 7 119
[2] Number of indices in set 8
[2] 0 205
[2] 1 207
[2] 2 209
[2] 3 211
[2] 4 213
[2] 5 215
[2] 6 217
[2] 7 219
[3] Number of indices in set 8
[3] 0 305
[3] 1 307
[3] 2 309
[3] 3 311
[3] 4 313
[3] 5 315
[3] 6 317
[3] 7 319
