IS Object: 1 MPI processes
  type: block
Block size 4
Number of block indices in set 8
The first indices of each block are
Block 0 Index 0
Block 1 Index 1
Block 2 Index 2
Block 3 Index 3
Block 4 Index 4
Block 5 Index 5
Block 6 Index 6
Block 7 Index 7
