IS Object: 4 MPI processes
  type: general
[0] Number of indices in set 0
[1] Number of indices in set 8
[1] 0 105
[1] 1 103
[1] 2 101
[1] 3 99
[1] 4 97
[1] 5 95
[1] 6 93
[1] 7 91
[2] Number of indices in set 0
[3] Number of indices in set 8
[3] 0 305
[3] 1 303
[3] 2 301
[3] 3 299
[3] 4 297
[3] 5 295
[3] 6 293
[3] 7 291
