IS Object: 4 MPI processes
  type: general
[0] Number of indices in set 8
[0] 0 -5
[0] 1 -7
[0] 2 -9
[0] 3 -11
[0] 4 -13
[0] 5 -15
[0] 6 -17
[0] 7 -19
[1] Number of indices in set 8
[1] 0 95
[1] 1 93
[1] 2 91
[1] 3 89
[1] 4 87
[1] 5 85
[1] 6 83
[1] 7 81
[2] Number of indices in set 8
[2] 0 195
[2] 1 193
[2] 2 191
[2] 3 189
[2] 4 187
[2] 5 185
[2] 6 183
[2] 7 181
[3] Number of indices in set 8
[3] 0 295
[3] 1 293
[3] 2 291
[3] 3 289
[3] 4 287
[3] 5 285
[3] 6 283
[3] 7 281
