IS Object: 4 MPI processes
  type: stride
[0] Number of indices in (stride) set 0
[1] Number of indices in (stride) set 8
[1] 0 95
[1] 1 97
[1] 2 99
[1] 3 101
[1] 4 103
[1] 5 105
[1] 6 107
[1] 7 109
[2] Number of indices in (stride) set 0
[3] Number of indices in (stride) set 8
[3] 0 295
[3] 1 297
[3] 2 299
[3] 3 301
[3] 4 303
[3] 5 305
[3] 6 307
[3] 7 309
