IS Object: 1 MPI processes
  type: stride
Index set is permutation
Number of indices in (stride) set 8
0 0
1 1
2 2
3 3
4 4
5 5
6 6
7 7
