IS Object: 4 MPI processes
  type: block
Block size 4
Number of block indices in set 8
The first indices of each block are
Block 0 Index 5
Block 1 Index 7
Block 2 Index 9
Block 3 Index 11
Block 4 Index 13
Block 5 Index 15
Block 6 Index 17
Block 7 Index 19
Block size 4
Number of block indices in set 8
The first indices of each block are
Block 0 Index 105
Block 1 Index 107
Block 2 Index 109
Block 3 Index 111
Block 4 Index 113
Block 5 Index 115
Block 6 Index 117
Block 7 Index 119
Block size 4
Number of block indices in set 8
The first indices of each block are
Block 0 Index 205
Block 1 Index 207
Block 2 Index 209
Block 3 Index 211
Block 4 Index 213
Block 5 Index 215
Block 6 Index 217
Block 7 Index 219
Block size 4
Number of block indices in set 8
The first indices of each block are
Block 0 Index 305
Block 1 Index 307
Block 2 Index 309
Block 3 Index 311
Block 4 Index 313
Block 5 Index 315
Block 6 Index 317
Block 7 Index 319
