IS Object: 4 MPI processes
  type: general
[0] Number of indices in set 8
[0] 0 -5
[0] 1 -3
[0] 2 -1
[0] 3 1
[0] 4 3
[0] 5 5
[0] 6 7
[0] 7 9
[1] Number of indices in set 8
[1] 0 95
[1] 1 97
[1] 2 99
[1] 3 101
[1] 4 103
[1] 5 105
[1] 6 107
[1] 7 109
[2] Number of indices in set 8
[2] 0 195
[2] 1 197
[2] 2 199
[2] 3 201
[2] 4 203
[2] 5 205
[2] 6 207
[2] 7 209
[3] Number of indices in set 8
[3] 0 295
[3] 1 297
[3] 2 299
[3] 3 301
[3] 4 303
[3] 5 305
[3] 6 307
[3] 7 309
