IS Object: 4 MPI processes
  type: stride
[0] Number of indices in (stride) set 0
[1] Number of indices in (stride) set 8
[1] 0 95
[1] 1 93
[1] 2 91
[1] 3 89
[1] 4 87
[1] 5 85
[1] 6 83
[1] 7 81
[2] Number of indices in (stride) set 0
[3] Number of indices in (stride) set 8
[3] 0 295
[3] 1 293
[3] 2 291
[3] 3 289
[3] 4 287
[3] 5 285
[3] 6 283
[3] 7 281
