IS Object: 4 MPI processes
  type: stride
[0] Number of indices in (stride) set 8
[0] 0 5
[0] 1 3
[0] 2 1
[0] 3 -1
[0] 4 -3
[0] 5 -5
[0] 6 -7
[0] 7 -9
[1] Number of indices in (stride) set 8
[1] 0 105
[1] 1 103
[1] 2 101
[1] 3 99
[1] 4 97
[1] 5 95
[1] 6 93
[1] 7 91
[2] Number of indices in (stride) set 8
[2] 0 205
[2] 1 203
[2] 2 201
[2] 3 199
[2] 4 197
[2] 5 195
[2] 6 193
[2] 7 191
[3] Number of indices in (stride) set 8
[3] 0 305
[3] 1 303
[3] 2 301
[3] 3 299
[3] 4 297
[3] 5 295
[3] 6 293
[3] 7 291
